// Jest Snapshot v1, https://goo.gl/fbAQLP

exports[`Search component it renders correctly 1`] = `ShallowWrapper {}`;
