// Jest Snapshot v1, https://goo.gl/fbAQLP

exports[`Weather component it renders correctly 1`] = `ShallowWrapper {}`;
