// Jest Snapshot v1, https://goo.gl/fbAQLP

exports[`Spinner component it renders correctly 1`] = `ShallowWrapper {}`;
