// Jest Snapshot v1, https://goo.gl/fbAQLP

exports[`CurrentWeather component it renders correctly 1`] = `ShallowWrapper {}`;
