// Jest Snapshot v1, https://goo.gl/fbAQLP

exports[`Header component it renders correctly 1`] = `ShallowWrapper {}`;
