// Jest Snapshot v1, https://goo.gl/fbAQLP

exports[`Forecast component it renders correctly 1`] = `ReactWrapper {}`;
